// Jest Snapshot v1, https://goo.gl/fbAQLP

exports[`renders correctly 1`] = `
<header>
  <div
    className="wrapper"
  >
    <div>
      <h1>
        Header
      </h1>
    </div>
  </div>
</header>
`;
