// Jest Snapshot v1, https://goo.gl/fbAQLP

exports[`renders correctly 1`] = `
<div
  className="label-container"
>
  <label
    className="label"
  >
    Default
  </label>
  <input
    className="-input -input--default -input--medium"
  />
</div>
`;
